// Jest Snapshot v1, https://goo.gl/fbAQLP

exports[`should snapshot all the components 1`] = `
<div
  className="app"
>
  <header
    className="app-header"
  >
    <h4
      className="app-title"
    >
      Frog Bother Chat
    </h4>
    <h4>
      Vito Croakleone
    </h4>
  </header>
  <div
    alt="chat-window"
    className="chat-window"
  >
    <div
      className="henchman"
    >
      <div
        className="button-henchmen"
      >
        <button
          className="MuiButtonBase-root MuiButton-root MuiButton-contained active-button MuiButton-disableElevation"
          disabled={false}
          onBlur={[Function]}
          onClick={[Function]}
          onDragLeave={[Function]}
          onFocus={[Function]}
          onKeyDown={[Function]}
          onKeyUp={[Function]}
          onMouseDown={[Function]}
          onMouseLeave={[Function]}
          onMouseUp={[Function]}
          onTouchEnd={[Function]}
          onTouchMove={[Function]}
          onTouchStart={[Function]}
          tabIndex={0}
          type="button"
        >
          <span
            className="MuiButton-label"
          >
            Sonny
          </span>
        </button>
      </div>
      <div
        className="button-henchmen"
      >
        <button
          className="MuiButtonBase-root MuiButton-root MuiButton-contained select-henchman MuiButton-disableElevation"
          disabled={false}
          onBlur={[Function]}
          onClick={[Function]}
          onDragLeave={[Function]}
          onFocus={[Function]}
          onKeyDown={[Function]}
          onKeyUp={[Function]}
          onMouseDown={[Function]}
          onMouseLeave={[Function]}
          onMouseUp={[Function]}
          onTouchEnd={[Function]}
          onTouchMove={[Function]}
          onTouchStart={[Function]}
          tabIndex={0}
          type="button"
        >
          <span
            className="MuiButton-label"
          >
            Fredo
          </span>
        </button>
      </div>
      <div
        className="button-henchmen"
      >
        <button
          className="MuiButtonBase-root MuiButton-root MuiButton-contained select-henchman MuiButton-disableElevation"
          disabled={false}
          onBlur={[Function]}
          onClick={[Function]}
          onDragLeave={[Function]}
          onFocus={[Function]}
          onKeyDown={[Function]}
          onKeyUp={[Function]}
          onMouseDown={[Function]}
          onMouseLeave={[Function]}
          onMouseUp={[Function]}
          onTouchEnd={[Function]}
          onTouchMove={[Function]}
          onTouchStart={[Function]}
          tabIndex={0}
          type="button"
        >
          <span
            className="MuiButton-label"
          >
            Michael
          </span>
        </button>
      </div>
    </div>
    <div
      className="chat-history"
    >
      <div />
    </div>
  </div>
  <div
    className="write-message"
  >
    <div
      aria-labelledby="message-input"
      className="MuiFormControl-root MuiTextField-root type-message"
      onKeyPress={[Function]}
    >
      <label
        className="MuiFormLabel-root MuiInputLabel-root MuiInputLabel-formControl MuiInputLabel-animated MuiInputLabel-outlined"
        data-shrink={false}
      >
        message-input
      </label>
      <div
        className="MuiInputBase-root MuiOutlinedInput-root MuiInputBase-formControl"
        onClick={[Function]}
      >
        <input
          aria-invalid={false}
          autoFocus={false}
          className="MuiInputBase-input MuiOutlinedInput-input"
          disabled={false}
          onAnimationStart={[Function]}
          onBlur={[Function]}
          onChange={[Function]}
          onFocus={[Function]}
          required={false}
          type="text"
          value=""
        />
        <fieldset
          aria-hidden={true}
          className="PrivateNotchedOutline-root-91 MuiOutlinedInput-notchedOutline"
        >
          <legend
            className="PrivateNotchedOutline-legendLabelled-93"
          >
            <span>
              message-input
            </span>
          </legend>
        </fieldset>
      </div>
    </div>
    <button
      className="MuiButtonBase-root MuiButton-root MuiButton-contained send-message MuiButton-disableElevation Mui-disabled Mui-disabled"
      disabled={true}
      onBlur={[Function]}
      onClick={[Function]}
      onDragLeave={[Function]}
      onFocus={[Function]}
      onKeyDown={[Function]}
      onKeyUp={[Function]}
      onMouseDown={[Function]}
      onMouseLeave={[Function]}
      onMouseUp={[Function]}
      onTouchEnd={[Function]}
      onTouchMove={[Function]}
      onTouchStart={[Function]}
      tabIndex={-1}
      type="button"
    >
      <span
        className="MuiButton-label"
      >
        Send
      </span>
    </button>
  </div>
</div>
`;
