// Jest Snapshot v1, https://goo.gl/fbAQLP

exports[`should snapshot henchmen list 1`] = `
<div
  className="henchman"
>
  <div
    className="button-henchmen"
  >
    <button
      className="MuiButtonBase-root MuiButton-root MuiButton-contained select-henchman MuiButton-disableElevation"
      disabled={false}
      onBlur={[Function]}
      onClick={[Function]}
      onDragLeave={[Function]}
      onFocus={[Function]}
      onKeyDown={[Function]}
      onKeyUp={[Function]}
      onMouseDown={[Function]}
      onMouseLeave={[Function]}
      onMouseUp={[Function]}
      onTouchEnd={[Function]}
      onTouchMove={[Function]}
      onTouchStart={[Function]}
      tabIndex={0}
      type="button"
    >
      <span
        className="MuiButton-label"
      >
        Sonny
      </span>
    </button>
  </div>
  <div
    className="button-henchmen"
  >
    <button
      className="MuiButtonBase-root MuiButton-root MuiButton-contained select-henchman MuiButton-disableElevation"
      disabled={false}
      onBlur={[Function]}
      onClick={[Function]}
      onDragLeave={[Function]}
      onFocus={[Function]}
      onKeyDown={[Function]}
      onKeyUp={[Function]}
      onMouseDown={[Function]}
      onMouseLeave={[Function]}
      onMouseUp={[Function]}
      onTouchEnd={[Function]}
      onTouchMove={[Function]}
      onTouchStart={[Function]}
      tabIndex={0}
      type="button"
    >
      <span
        className="MuiButton-label"
      >
        Fredo
      </span>
    </button>
  </div>
  <div
    className="button-henchmen"
  >
    <button
      className="MuiButtonBase-root MuiButton-root MuiButton-contained select-henchman MuiButton-disableElevation"
      disabled={false}
      onBlur={[Function]}
      onClick={[Function]}
      onDragLeave={[Function]}
      onFocus={[Function]}
      onKeyDown={[Function]}
      onKeyUp={[Function]}
      onMouseDown={[Function]}
      onMouseLeave={[Function]}
      onMouseUp={[Function]}
      onTouchEnd={[Function]}
      onTouchMove={[Function]}
      onTouchStart={[Function]}
      tabIndex={0}
      type="button"
    >
      <span
        className="MuiButton-label"
      >
        Michael
      </span>
    </button>
  </div>
</div>
`;
